2026-08-12T09:19:45.796Z INFO Is remote: false
2026-08-12T09:19:46.176Z INFO Starting Local. Installation path: c:\Users\udesh\Downloads\files\pussalla-backend\pussalla-backend
2026-08-12T09:19:46.184Z INFO [MainProvider] Creating new MainProvider instance...
2026-08-12T09:19:46.190Z INFO [TabsManager] Code view listener set up at initialization
2026-08-12T09:19:46.198Z INFO Installation path exists: c:\Users\udesh\Downloads\files\pussalla-backend\pussalla-backend
2026-08-12T09:19:46.205Z INFO Initializing database with URL: file:c:\Users\udesh\Downloads\files\pussalla-backend\pussalla-backend\pythagora-core\data\database\pythagora.db
2026-08-12T09:19:46.225Z INFO New database detected, running full prisma setup...
2026-08-12T09:19:46.233Z INFO [c:\Users\udesh\.vscode\extensions\pythagoratechnologies.pythagora-vs-code-2.6.19] Project root:
2026-08-12T09:19:46.240Z INFO [c:\Users\udesh\.vscode\extensions\pythagoratechnologies.pythagora-vs-code-2.6.19\prisma\schema.prisma] Schema path:
2026-08-12T09:19:46.245Z INFO [file:c:\Users\udesh\Downloads\files\pussalla-backend\pussalla-backend\pythagora-core\data\database\pythagora.db] Database URL:
2026-08-12T09:19:46.253Z INFO [true] Schema exists:
2026-08-12T09:19:46.259Z INFO Running prisma generate first...
2026-08-12T09:19:49.758Z INFO [Prisma schema loaded from prisma\schema.prisma

✔ Generated Prisma Client (6.19.1) to .\src\generated\prisma in 417ms

] Prisma generate result:
2026-08-12T09:19:49.767Z INFO Running prisma db push to sync schema...
2026-08-12T09:19:54.305Z INFO [Prisma schema loaded from prisma\schema.prisma
Datasource "db": SQLite database "pythagora.db" at "file:c:\Users\udesh\Downloads\files\pussalla-backend\pussalla-backend\pythagora-core\data\database\pythagora.db"

SQLite database pythagora.db created at file:c:\Users\udesh\Downloads\files\pussalla-backend\pussalla-backend\pythagora-core\data\database\pythagora.db

Your database is now in sync with your Prisma schema. Done in 290ms

Running generate... (Use --skip-generate to skip the generators)
[2K[1A[2K[GRunning generate... - Prisma Client
[2K[1A[2K[G✔ Generated Prisma Client (6.19.1) to .\src\generated\prisma in 424ms

] Prisma db push result:
2026-08-12T09:19:54.310Z INFO Database initialized successfully
2026-08-12T09:19:54.320Z INFO [Migration] Checking for database migration...
2026-08-12T09:19:54.452Z INFO [Migration] No migration needed
2026-08-12T09:19:54.505Z INFO Starting right sidebar creation...
2026-08-12T09:19:54.510Z INFO Initializing MainProvider...
2026-08-12T09:19:54.518Z INFO Updating user profile...
2026-08-12T09:19:54.525Z INFO No access token found when trying to fetch user profile
2026-08-12T09:19:54.533Z INFO Creating right panel...
2026-08-12T09:19:54.539Z INFO Creating right panel...
2026-08-12T09:19:54.545Z INFO Closing all existing tabs...
2026-08-12T09:19:54.580Z INFO Right panel webview created
2026-08-12T09:19:54.591Z INFO Right panel HTML set successfully
2026-08-12T09:19:54.600Z INFO Right panel setup completed
2026-08-12T09:19:54.609Z INFO Setting up right panel dependencies...
2026-08-12T09:19:54.677Z INFO Right panel dependencies setup complete, waiting for ready signal...
2026-08-12T09:20:09.680Z WARN Webview ready timeout reached, resolving anyway
2026-08-12T09:20:09.733Z INFO Right panel setup completed successfully
2026-08-12T09:20:09.742Z INFO Right panel created via MainProvider
2026-08-12T09:20:09.774Z INFO Storing initial prompt...
2026-08-12T09:20:09.785Z INFO Tracing first panel open...
2026-08-12T09:20:11.468Z INFO Right sidebar setup completed successfully
2026-08-12T09:21:45.021Z INFO Right panel disposed, triggering cleanup...
2026-08-12T09:21:45.037Z INFO Right panel disposed, cleaning up...
2026-08-12T09:21:45.051Z INFO [Message Router] Routing coreExited through unified router
2026-08-12T09:21:45.062Z INFO Closing entire Pythagora extension...
2026-08-12T09:21:45.100Z INFO Pythagora extension closed
2026-08-12T09:22:01.287Z INFO Closing entire Pythagora extension...
2026-08-12T09:22:01.301Z ERROR Error closing extension
Error: Canceled
Stack: Canceled: Canceled
	at new lx (file:///c:/Users/udesh/AppData/Local/Programs/Microsoft%20VS%20Code/7e7950df89/resources/app/out/vs/workbench/api/node/extensionHostProcess.js:435:152065)
	at i._remoteCall (file:///c:/Users/udesh/AppData/Local/Programs/Microsoft%20VS%20Code/7e7950df89/resources/app/out/vs/workbench/api/node/extensionHostProcess.js:435:158117)
	at r.<computed>.s.charCodeAt.r.<computed> (file:///c:/Users/udesh/AppData/Local/Programs/Microsoft%20VS%20Code/7e7950df89/resources/app/out/vs/workbench/api/node/extensionHostProcess.js:435:154912)
	at Pg._doExecuteCommand (file:///c:/Users/udesh/AppData/Local/Programs/Microsoft%20VS%20Code/7e7950df89/resources/app/out/vs/workbench/api/node/extensionHostProcess.js:534:48252)
	at Pg.executeCommand (file:///c:/Users/udesh/AppData/Local/Programs/Microsoft%20VS%20Code/7e7950df89/resources/app/out/vs/workbench/api/node/extensionHostProcess.js:534:47699)
	at Object.executeCommand (file:///c:/Users/udesh/AppData/Local/Programs/Microsoft%20VS%20Code/7e7950df89/resources/app/out/vs/workbench/api/node/extensionHostProcess.js:673:136639)
	at closeEntirePythagoraExtension (c:\Users\udesh\.vscode\extensions\pythagoratechnologies.pythagora-vs-code-2.6.19\out\extension.js:542:31)
	at Object.deactivate (c:\Users\udesh\.vscode\extensions\pythagoratechnologies.pythagora-vs-code-2.6.19\out\extension.js:409:15)
	at _P._deactivate (file:///c:/Users/udesh/AppData/Local/Programs/Microsoft%20VS%20Code/7e7950df89/resources/app/out/vs/workbench/api/node/extensionHostProcess.js:538:14629)
	at file:///c:/Users/udesh/AppData/Local/Programs/Microsoft%20VS%20Code/7e7950df89/resources/app/out/vs/workbench/api/node/extensionHostProcess.js:538:12156
	at Array.map (<anonymous>)
	at _P._deactivateAll (file:///c:/Users/udesh/AppData/Local/Programs/Microsoft%20VS%20Code/7e7950df89/resources/app/out/vs/workbench/api/node/extensionHostProcess.js:538:12144)
	at _P.terminate (file:///c:/Users/udesh/AppData/Local/Programs/Microsoft%20VS%20Code/7e7950df89/resources/app/out/vs/workbench/api/node/extensionHostProcess.js:538:12495)
	at i.terminate (file:///c:/Users/udesh/AppData/Local/Programs/Microsoft%20VS%20Code/7e7950df89/resources/app/out/vs/workbench/api/node/extensionHostProcess.js:540:1072)
	at Zs (file:///c:/Users/udesh/AppData/Local/Programs/Microsoft%20VS%20Code/7e7950df89/resources/app/out/vs/workbench/api/node/extensionHostProcess.js:852:11778)
	at mp.value (file:///c:/Users/udesh/AppData/Local/Programs/Microsoft%20VS%20Code/7e7950df89/resources/app/out/vs/workbench/api/node/extensionHostProcess.js:852:9925)
	at E._deliver (file:///c:/Users/udesh/AppData/Local/Programs/Microsoft%20VS%20Code/7e7950df89/resources/app/out/vs/workbench/api/node/extensionHostProcess.js:431:3244)
	at E.fire (file:///c:/Users/udesh/AppData/Local/Programs/Microsoft%20VS%20Code/7e7950df89/resources/app/out/vs/workbench/api/node/extensionHostProcess.js:431:3562)
	at ds.fire (file:///c:/Users/udesh/AppData/Local/Programs/Microsoft%20VS%20Code/7e7950df89/resources/app/out/vs/workbench/api/node/extensionHostProcess.js:433:8505)
	at MessagePortMain.<anonymous> (file:///c:/Users/udesh/AppData/Local/Programs/Microsoft%20VS%20Code/7e7950df89/resources/app/out/vs/workbench/api/node/extensionHostProcess.js:852:8160)
	at MessagePortMain.emit (node:events:509:28)
	at MessagePortMain._internalPort.emit (node:electron/js2c/utility_init:2:2934)
Extra context: {
  "message": "Canceled"
}
